<html>
<body>
<pre>
<h1>µVision Build Log</h1>
<h2>Tool Versions:</h2>
IDE-Version: ¦ÌVision V5.29.0.0
Copyright (C) 2019 ARM Ltd and ARM Germany GmbH. All rights reserved.
License Information: 1 1, 1, LIC=21E4T-RXLS0-Y8YFK-ZMPII-VZYPR-2RWX7
 
Tool Versions:
Toolchain:       MDK-ARM Plus  Version: 5.28.0.0
Toolchain Path:  D:\Keil5_MDK\ARM\ARMCC\Bin
C Compiler:      Armcc.exe V5.06 update 6 (build 750)
Assembler:       Armasm.exe V5.06 update 6 (build 750)
Linker/Locator:  ArmLink.exe V5.06 update 6 (build 750)
Library Manager: ArmAr.exe V5.06 update 6 (build 750)
Hex Converter:   FromElf.exe V5.06 update 6 (build 750)
CPU DLL:         SARMCM3.DLL V5.28.0.0
Dialog DLL:      DCM.DLL V1.17.3.0
Target DLL:      STLink\ST-LINKIII-KEIL_SWO.dll V3.0.6.0
Dialog DLL:      TCM.DLL V1.36.2.0
 
<h2>Project:</h2>
I:\CUBEMX\prj\LVGL_DEMO\MDK-ARM\LVGL_DEMO.uvprojx
Project File Date:  04/01/2024

<h2>Output:</h2>
*** Using Compiler 'V5.06 update 6 (build 750)', folder: 'D:\Keil5_MDK\ARM\ARMCC\Bin'
Rebuild target 'LVGL_DEMO'
assembling startup_stm32f411xe.s...
compiling getopt.c...
..\Core\Src\getopt.c(184): warning:  #1294-D: Old-style function my_strlen
  my_strlen (str)
..\Core\Src\getopt.c(194): warning:  #1294-D: Old-style function my_index
  my_index (str, chr)
..\Core\Src\getopt.c(241): warning:  #1294-D: Old-style function exchange
  exchange (argv)
..\Core\Src\getopt.c(326): warning:  #1294-D: Old-style function _getopt_internal
  _getopt_internal (argc, argv, optstring, longopts, longind, long_only)
..\Core\Src\getopt.c(660): warning:  #1294-D: Old-style function getopt
  getopt (argc, argv, optstring)
..\Core\Src\getopt.c(672): warning:  #1294-D: Old-style function getopt_long
  getopt_long (argc, argv, options, long_options, opt_index)
..\Core\Src\getopt.c: 6 warnings, 0 errors
compiling shell.c...
compiling wire.c...
compiling stm32f4xx_hal_msp.c...
compiling gpio.c...
compiling spi.c...
compiling stm32f4xx_hal_timebase_tim.c...
compiling usart.c...
compiling stm32f4xx_hal_flash.c...
compiling delayus.c...
../Core/Inc/delayus.h(12): warning:  #1-D: last line of file ends without a newline
  #endif
..\Core\Src\delayus.c(34): warning:  #1-D: last line of file ends without a newline
  }
..\Core\Src\delayus.c: 2 warnings, 0 errors
compiling tim.c...
compiling stm32f4xx_hal_rcc_ex.c...
compiling stm32f4xx_hal_flash_ex.c...
compiling stm32f4xx_hal_rcc.c...
compiling stm32f4xx_it.c...
compiling freertos.c...
../LVGL/GUI_APP/mygui.h(10): warning:  #1-D: last line of file ends without a newline
  #endif
../Core/Src/freertos.c: 1 warning, 0 errors
compiling main.c...
compiling driver_st7789.c...
..\st7789_driver\src\driver_st7789.c(3972): warning:  #940-D: missing return statement at end of non-void function "st7789_fill_rgb565_withbuffer" 
  }
..\st7789_driver\src\driver_st7789.c: 1 warning, 0 errors
compiling stm32f4xx_hal_flash_ramfunc.c...
compiling stm32f4xx_hal_pwr_ex.c...
compiling stm32f4xx_hal_gpio.c...
compiling driver_st7789_basic.c...
compiling driver_st7789_display_test.c...
compiling stm32f4xx_hal_pwr.c...
compiling stm32f4xx_hal_dma.c...
compiling stm32f4xx_hal_dma_ex.c...
compiling stm32f4xx_hal.c...
compiling stm32f4xx_hal_exti.c...
compiling driver_st7789_tft.c...
compiling stm32f4xx_hal_cortex.c...
compiling stm32f4xx_hal_tim_ex.c...
compiling stm32f4xx_hal_spi.c...
compiling lv_disp.c...
compiling system_stm32f4xx.c...
compiling lv_port_disp_template.c...
compiling lv_group.c...
compiling lv_event.c...
..\LVGL\GUI\lvgl\src\core\lv_event.c(120): warning:  #188-D: enumerated type mixed with another type
      return e->code & ~LV_EVENT_PREPROCESS;
..\LVGL\GUI\lvgl\src\core\lv_event.c: 1 warning, 0 errors
compiling lv_obj_class.c...
compiling lv_indev_scroll.c...
compiling lv_indev.c...
compiling stm32f4xx_hal_uart.c...
compiling lv_obj.c...
compiling stm32f4xx_hal_tim.c...
compiling lv_obj_draw.c...
compiling lv_obj_pos.c...
compiling lv_obj_tree.c...
compiling lv_draw.c...
compiling lv_draw_arc.c...
compiling lv_obj_style_gen.c...
compiling lv_obj_style.c...
compiling lv_obj_scroll.c...
compiling lv_refr.c...
compiling lv_theme.c...
compiling lv_draw_line.c...
compiling lv_draw_img.c...
compiling lv_draw_label.c...
compiling lv_draw_rect.c...
compiling lv_draw_triangle.c...
compiling lv_draw_mask.c...
compiling lv_img_buf.c...
compiling stm32f411_driver_st7789_interface.c...
compiling lv_img_cache.c...
compiling lv_draw_sw.c...
compiling lv_img_decoder.c...
compiling lv_draw_sw_arc.c...
compiling lv_draw_sw_dither.c...
compiling lv_draw_sw_gradient.c...
compiling lv_draw_sw_polygon.c...
compiling lv_draw_sw_line.c...
compiling lv_draw_sw_letter.c...
compiling lv_draw_sw_img.c...
compiling lv_draw_sw_blend.c...
compiling lv_font.c...
compiling lv_font_fmt_txt.c...
..\LVGL\GUI\lvgl\src\font\lv_font_fmt_txt.c(137): warning:  #111-D: statement is unreachable
      return NULL;
..\LVGL\GUI\lvgl\src\font\lv_font_fmt_txt.c: 1 warning, 0 errors
compiling lv_font_montserrat_10.c...
compiling lv_font_montserrat_8.c...
compiling lv_font_dejavu_16_persian_hebrew.c...
compiling lv_font_loader.c...
compiling lv_draw_sw_rect.c...
..\LVGL\GUI\lvgl\src\draw\sw\lv_draw_sw_rect.c(239): warning:  #546-D: transfer of control bypasses initialization of:
            variable "mask_any_center"  (declared at line 286)
          goto bg_clean_up;
          ^
..\LVGL\GUI\lvgl\src\draw\sw\lv_draw_sw_rect.c: 1 warning, 0 errors
compiling lv_port_indev_template.c...
compiling lv_font_montserrat_12.c...
compiling lv_font_montserrat_16.c...
compiling lv_font_montserrat_12_subpx.c...
compiling lv_font_montserrat_14.c...
compiling lv_font_montserrat_18.c...
compiling lv_font_montserrat_20.c...
compiling lv_font_montserrat_22.c...
compiling lv_font_montserrat_26.c...
compiling lv_font_montserrat_24.c...
compiling lv_font_montserrat_28_compressed.c...
compiling lv_font_montserrat_30.c...
compiling lv_font_montserrat_28.c...
compiling lv_font_montserrat_32.c...
compiling lv_font_montserrat_34.c...
compiling lv_font_montserrat_36.c...
compiling lv_font_montserrat_38.c...
compiling lv_font_montserrat_42.c...
compiling lv_font_montserrat_40.c...
compiling lv_font_montserrat_46.c...
compiling lv_font_montserrat_44.c...
compiling lv_font_montserrat_48.c...
compiling lv_font_simsun_16_cjk.c...
compiling lv_font_unscii_8.c...
compiling lv_hal_tick.c...
compiling lv_anim_timeline.c...
compiling lv_font_unscii_16.c...
compiling lv_area.c...
compiling lv_anim.c...
compiling lv_async.c...
compiling lv_hal_indev.c...
compiling lv_hal_disp.c...
..\LVGL\GUI\lvgl\src\hal\lv_hal_disp.c(573): warning:  #188-D: enumerated type mixed with another type
      return disp->driver->rotated;
..\LVGL\GUI\lvgl\src\hal\lv_hal_disp.c: 1 warning, 0 errors
compiling lv_bidi.c...
compiling lv_color.c...
compiling lv_log.c...
compiling lv_ll.c...
compiling lv_gc.c...
compiling lv_math.c...
compiling lv_lru.c...
..\LVGL\GUI\lvgl\src\misc\lv_lru.c(313): warning:  #68-D: integer conversion resulted in a change of sign
      uint32_t i = 0, min_index = -1;
..\LVGL\GUI\lvgl\src\misc\lv_lru.c(314): warning:  #68-D: integer conversion resulted in a change of sign
      uint64_t min_access_count = -1;
..\LVGL\GUI\lvgl\src\misc\lv_lru.c: 2 warnings, 0 errors
compiling lv_fs.c...
compiling lv_mem.c...
..\LVGL\GUI\lvgl\src\misc\lv_mem.c(311): warning:  #111-D: statement is unreachable
      return NULL;
..\LVGL\GUI\lvgl\src\misc\lv_mem.c: 1 warning, 0 errors
compiling lv_printf.c...
compiling lv_templ.c...
compiling lv_style.c...
..\LVGL\GUI\lvgl\src\misc\lv_style.c(74): warning:  #188-D: enumerated type mixed with another type
      return act_id;
..\LVGL\GUI\lvgl\src\misc\lv_style.c: 1 warning, 0 errors
compiling lv_style_gen.c...
compiling lv_timer.c...
compiling lv_utils.c...
compiling lv_tlsf.c...
..\LVGL\GUI\lvgl\src\misc\lv_tlsf.c(898): warning:  #68-D: integer conversion resulted in a change of sign
          offset_to_block(pool, -(int)block_header_overhead);
..\LVGL\GUI\lvgl\src\misc\lv_tlsf.c(1000): warning:  #68-D: integer conversion resulted in a change of sign
      block = offset_to_block(mem, -(tlsfptr_t)block_header_overhead);
..\LVGL\GUI\lvgl\src\misc\lv_tlsf.c(1018): warning:  #68-D: integer conversion resulted in a change of sign
      block_header_t * block = offset_to_block(pool, -(int)block_header_overhead);
..\LVGL\GUI\lvgl\src\misc\lv_tlsf.c: 3 warnings, 0 errors
compiling lv_txt.c...
compiling lv_txt_ap.c...
compiling lv_btn.c...
compiling lv_objx_templ.c...
compiling lv_arc.c...
compiling lv_bar.c...
compiling lv_line.c...
compiling lv_checkbox.c...
compiling lv_canvas.c...
compiling lv_btnmatrix.c...
compiling lv_img.c...
compiling lv_dropdown.c...
compiling lv_label.c...
compiling lv_roller.c...
compiling lv_switch.c...
compiling lv_slider.c...
compiling lv_calendar_header_arrow.c...
compiling lv_calendar_header_dropdown.c...
compiling lv_textarea.c...
compiling lv_table.c...
compiling lv_extra.c...
compiling lv_animimg.c...
compiling lv_calendar.c...
compiling lv_keyboard.c...
compiling lv_list.c...
compiling lv_imgbtn.c...
compiling lv_colorwheel.c...
compiling lv_led.c...
compiling lv_menu.c...
compiling lv_chart.c...
compiling lv_msgbox.c...
compiling lv_tileview.c...
compiling lv_meter.c...
compiling lv_spinbox.c...
compiling lv_win.c...
compiling lv_spinner.c...
compiling lv_tabview.c...
compiling lv_span.c...
..\LVGL\GUI\lvgl\src\extra\widgets\span\lv_span.c(881): warning:  #546-D: transfer of control bypasses initialization of:
            variable "align"  (declared at line 885)
              goto Next_line_init;
              ^
..\LVGL\GUI\lvgl\src\extra\widgets\span\lv_span.c: 1 warning, 0 errors
compiling lv_theme_mono.c...
compiling lv_theme_basic.c...
compiling lv_bmp.c...
compiling lv_ffmpeg.c...
compiling lv_freetype.c...
compiling lv_theme_default.c...
..\LVGL\GUI\lvgl\src\extra\themes\default\lv_theme_default.c(213): warning:  #188-D: enumerated type mixed with another type
..\LVGL\GUI\lvgl\src\extra\themes\default\lv_theme_default.c: 1 warning, 0 errors
compiling lv_fs_fatfs.c...
compiling gifdec.c...
compiling lv_fs_posix.c...
compiling lv_fs_stdio.c...
compiling lv_fs_win32.c...
compiling tjpgd.c...
compiling lv_png.c...
compiling lv_gif.c...
compiling lodepng.c...
compiling lv_qrcode.c...
compiling lv_sjpg.c...
compiling qrcodegen.c...
..\LVGL\GUI\lvgl\src\extra\libs\qrcode\qrcodegen.c(278): warning:  #188-D: enumerated type mixed with another type
  	applyMask(tempBuffer, qrcode, mask);
..\LVGL\GUI\lvgl\src\extra\libs\qrcode\qrcodegen.c(279): warning:  #188-D: enumerated type mixed with another type
  	drawFormatBits(ecl, mask, qrcode);
..\LVGL\GUI\lvgl\src\extra\libs\qrcode\qrcodegen.c: 2 warnings, 0 errors
compiling lv_gridnav.c...
compiling lv_rlottie.c...
compiling lv_snapshot.c...
compiling lv_flex.c...
..\LVGL\GUI\lvgl\src\extra\layouts\flex\lv_flex.c(97): warning:  #188-D: enumerated type mixed with another type
      LV_STYLE_FLEX_MAIN_PLACE = lv_style_register_prop() | LV_STYLE_PROP_LAYOUT_REFR;
..\LVGL\GUI\lvgl\src\extra\layouts\flex\lv_flex.c(98): warning:  #188-D: enumerated type mixed with another type
      LV_STYLE_FLEX_CROSS_PLACE = lv_style_register_prop() | LV_STYLE_PROP_LAYOUT_REFR;
..\LVGL\GUI\lvgl\src\extra\layouts\flex\lv_flex.c(99): warning:  #188-D: enumerated type mixed with another type
      LV_STYLE_FLEX_TRACK_PLACE = lv_style_register_prop() | LV_STYLE_PROP_LAYOUT_REFR;
..\LVGL\GUI\lvgl\src\extra\layouts\flex\lv_flex.c: 3 warnings, 0 errors
compiling lv_monkey.c...
compiling lv_grid.c...
..\LVGL\GUI\lvgl\src\extra\layouts\grid\lv_grid.c(134): warning:  #188-D: enumerated type mixed with another type
      LV_STYLE_GRID_COLUMN_DSC_ARRAY = lv_style_register_prop() | LV_STYLE_PROP_LAYOUT_REFR;
..\LVGL\GUI\lvgl\src\extra\layouts\grid\lv_grid.c(135): warning:  #188-D: enumerated type mixed with another type
      LV_STYLE_GRID_ROW_DSC_ARRAY = lv_style_register_prop() | LV_STYLE_PROP_LAYOUT_REFR;
..\LVGL\GUI\lvgl\src\extra\layouts\grid\lv_grid.c(136): warning:  #188-D: enumerated type mixed with another type
      LV_STYLE_GRID_COLUMN_ALIGN = lv_style_register_prop() | LV_STYLE_PROP_LAYOUT_REFR;
..\LVGL\GUI\lvgl\src\extra\layouts\grid\lv_grid.c(137): warning:  #188-D: enumerated type mixed with another type
      LV_STYLE_GRID_ROW_ALIGN = lv_style_register_prop() | LV_STYLE_PROP_LAYOUT_REFR;
..\LVGL\GUI\lvgl\src\extra\layouts\grid\lv_grid.c(139): warning:  #188-D: enumerated type mixed with another type
      LV_STYLE_GRID_CELL_ROW_SPAN = lv_style_register_prop() | LV_STYLE_PROP_LAYOUT_REFR;
..\LVGL\GUI\lvgl\src\extra\layouts\grid\lv_grid.c(140): warning:  #188-D: enumerated type mixed with another type
      LV_STYLE_GRID_CELL_ROW_POS = lv_style_register_prop() | LV_STYLE_PROP_LAYOUT_REFR;
..\LVGL\GUI\lvgl\src\extra\layouts\grid\lv_grid.c(141): warning:  #188-D: enumerated type mixed with another type
      LV_STYLE_GRID_CELL_COLUMN_SPAN = lv_style_register_prop() | LV_STYLE_PROP_LAYOUT_REFR;
..\LVGL\GUI\lvgl\src\extra\layouts\grid\lv_grid.c(142): warning:  #188-D: enumerated type mixed with another type
      LV_STYLE_GRID_CELL_COLUMN_POS = lv_style_register_prop() | LV_STYLE_PROP_LAYOUT_REFR;
..\LVGL\GUI\lvgl\src\extra\layouts\grid\lv_grid.c(143): warning:  #188-D: enumerated type mixed with another type
      LV_STYLE_GRID_CELL_X_ALIGN = lv_style_register_prop() | LV_STYLE_PROP_LAYOUT_REFR;
..\LVGL\GUI\lvgl\src\extra\layouts\grid\lv_grid.c(144): warning:  #188-D: enumerated type mixed with another type
      LV_STYLE_GRID_CELL_Y_ALIGN = lv_style_register_prop() | LV_STYLE_PROP_LAYOUT_REFR;
..\LVGL\GUI\lvgl\src\extra\layouts\grid\lv_grid.c(589): warning:  #188-D: enumerated type mixed with another type
      lv_grid_align_t col_align = get_cell_col_align(item);
..\LVGL\GUI\lvgl\src\extra\layouts\grid\lv_grid.c(590): warning:  #188-D: enumerated type mixed with another type
      lv_grid_align_t row_align = get_cell_row_align(item);
..\LVGL\GUI\lvgl\src\extra\layouts\grid\lv_grid.c: 12 warnings, 0 errors
compiling lv_demo_stress.c...
compiling lv_demo_keypad_encoder.c...
compiling img_clothes.c...
compiling lv_demo_widgets.c...
compiling img_lvgl_logo.c...
compiling img_demo_widgets_avatar.c...
compiling img_benchmark_cogwheel_alpha16.c...
compiling img_benchmark_cogwheel_indexed16.c...
compiling img_benchmark_cogwheel_chroma_keyed.c...
compiling lv_demo_benchmark.c...
compiling img_benchmark_cogwheel_rgb.c...
compiling img_benchmark_cogwheel_argb.c...
compiling lv_font_bechmark_montserrat_12_compr_az.c.c...
compiling lv_font_bechmark_montserrat_16_compr_az.c.c...
compiling croutine.c...
compiling list.c...
compiling event_groups.c...
compiling lv_font_bechmark_montserrat_28_compr_az.c.c...
compiling stream_buffer.c...
compiling timers.c...
compiling queue.c...
compiling heap_4.c...
compiling tasks.c...
compiling port.c...
compiling touch.c...
..\Touch\touch.c(103): warning:  #940-D: missing return statement at end of non-void function "getcoordinate" 
  }
..\Touch\touch.c: 1 warning, 0 errors
compiling cmsis_os2.c...
compiling mygui.c...
..\LVGL\GUI_APP\mygui.h(10): warning:  #1-D: last line of file ends without a newline
  #endif
..\LVGL\GUI_APP\mygui.c: 1 warning, 0 errors
compiling test_pic.c...
linking...
Program Size: Code=230144 RO-data=96968 RW-data=772 ZI-data=126052  
FromELF: creating hex file...
"LVGL_DEMO\LVGL_DEMO.axf" - 0 Error(s), 42 Warning(s).

<h2>Software Packages used:</h2>

Package Vendor: ARM
                http://www.keil.com/pack/ARM.CMSIS.5.5.1.pack
                ARM.CMSIS.5.5.1
                CMSIS (Cortex Microcontroller Software Interface Standard)
   * Component: CORE Version: 5.2.0

Package Vendor: Keil
                http://www.keil.com/pack/Keil.STM32F4xx_DFP.2.13.0.pack
                Keil.STM32F4xx_DFP.2.13.0
                STMicroelectronics STM32F4 Series Device Support, Drivers and Examples

<h2>Collection of Component include folders:</h2>
  .\RTE\_LVGL_DEMO
  D:\Keil5_MDK\Arm\Packs\ARM\CMSIS\5.5.1\CMSIS\Core\Include
  D:\Keil5_MDK\Arm\Packs\Keil\STM32F4xx_DFP\2.13.0\Drivers\CMSIS\Device\ST\STM32F4xx\Include

<h2>Collection of Component Files used:</h2>

   * Component: ARM::CMSIS:CORE:5.2.0
Build Time Elapsed:  00:00:09
</pre>
</body>
</html>
